division-by-zero
mutual-recursion
unjustified-assumption
direct-state-access
